// Jest Snapshot v1, https://goo.gl/fbAQLP

exports[`mood labels (stored values) are unchanged 1`] = `
[
  "Glowing",
  "Calm",
  "Tired",
  "Reactive",
  "Breaking out",
]
`;

exports[`quiz question ids, types and stored values are unchanged 1`] = `
[
  {
    "extraOptions": [],
    "fields": [],
    "groups": [],
    "id": "welcome",
    "max": undefined,
    "min": undefined,
    "options": [],
    "type": "welcome",
  },
  {
    "extraOptions": [],
    "fields": [],
    "groups": [],
    "id": "name",
    "max": undefined,
    "min": undefined,
    "options": [],
    "type": "name",
  },
  {
    "extraOptions": [],
    "fields": [],
    "groups": [],
    "id": "greeting",
    "max": undefined,
    "min": undefined,
    "options": [],
    "type": "greeting",
  },
  {
    "extraOptions": [],
    "fields": [],
    "groups": [],
    "id": "birthday",
    "max": undefined,
    "min": undefined,
    "options": [],
    "type": "birthday",
  },
  {
    "extraOptions": [],
    "fields": [],
    "groups": [],
    "id": "gender",
    "max": undefined,
    "min": undefined,
    "options": [
      "she",
      "he",
    ],
    "type": "single",
  },
  {
    "extraOptions": [],
    "fields": [
      {
        "key": "city",
        "options": [],
      },
      {
        "key": "country",
        "options": [],
      },
    ],
    "groups": [],
    "id": "location",
    "max": undefined,
    "min": undefined,
    "options": [],
    "type": "location",
  },
  {
    "extraOptions": [],
    "fields": [],
    "groups": [],
    "id": "work_environment",
    "max": undefined,
    "min": undefined,
    "options": [
      "office",
      "outdoors",
      "driving",
      "ac_workplace",
      "polluted",
      "home_kids",
      "travel",
    ],
    "type": "single",
  },
  {
    "extraOptions": [],
    "fields": [],
    "groups": [],
    "id": "chapter_2",
    "max": undefined,
    "min": undefined,
    "options": [],
    "type": "interstitial",
  },
  {
    "extraOptions": [],
    "fields": [],
    "groups": [],
    "id": "interests",
    "max": undefined,
    "min": undefined,
    "options": [
      "routine_that_works",
      "healthier_glow",
      "stop_wasting_money",
      "discover_needs",
      "use_what_i_own",
      "track_progress",
      "prevent_concerns",
    ],
    "type": "multi",
  },
  {
    "extraOptions": [],
    "fields": [],
    "groups": [],
    "id": "tone",
    "max": undefined,
    "min": undefined,
    "options": [],
    "type": "tone",
  },
  {
    "extraOptions": [],
    "fields": [],
    "groups": [],
    "id": "post_cleanse_feel",
    "max": undefined,
    "min": undefined,
    "options": [
      "dry",
      "comfortable",
      "oily",
      "oily_tzone",
      "tight_then_oily",
      "not_sure",
    ],
    "type": "single",
  },
  {
    "extraOptions": [],
    "fields": [],
    "groups": [],
    "id": "irritants",
    "max": undefined,
    "min": undefined,
    "options": [
      "sun",
      "heat",
      "wind",
      "cold",
      "hot_water",
      "fragrance",
      "essential_oils",
      "acids",
      "retinoids",
      "stress",
      "lack_of_sleep",
      "hormonal",
      "hard_water",
      "nothing",
      "other",
    ],
    "type": "multi",
  },
  {
    "extraOptions": [],
    "fields": [],
    "groups": [
      [
        "fine_lines",
        "wrinkles",
        "neck_aging",
        "large_pores",
        "uneven_texture",
      ],
      [
        "pigmentation",
        "melasma",
        "dull_skin",
      ],
      [
        "acne",
        "acne_scars",
        "sensitive",
        "redness",
        "rosacea",
        "dryness",
        "dehydration",
        "oiliness",
        "barrier_damage",
      ],
      [
        "dark_circles",
        "puffy_eyes",
      ],
    ],
    "id": "skin_goals",
    "max": undefined,
    "min": undefined,
    "options": [],
    "type": "multi",
  },
  {
    "extraOptions": [],
    "fields": [],
    "groups": [],
    "id": "top_concern",
    "max": undefined,
    "min": undefined,
    "options": [],
    "type": "priority",
  },
  {
    "extraOptions": [],
    "fields": [],
    "groups": [],
    "id": "chapter_3",
    "max": undefined,
    "min": undefined,
    "options": [],
    "type": "interstitial",
  },
  {
    "extraOptions": [],
    "fields": [],
    "groups": [],
    "id": "diagnosed_conditions",
    "max": undefined,
    "min": undefined,
    "options": [
      "acne",
      "rosacea",
      "melasma",
      "eczema",
      "psoriasis",
      "seborrheic_dermatitis",
      "hyperpigmentation",
      "none",
      "not_sure",
      "other",
    ],
    "type": "multi",
  },
  {
    "extraOptions": [],
    "fields": [],
    "groups": [],
    "id": "health_conditions",
    "max": undefined,
    "min": undefined,
    "options": [
      "pcos",
      "diabetes",
      "thyroid",
      "digestive",
      "autoimmune",
      "none",
      "prefer_not_to_answer",
    ],
    "type": "multi",
  },
  {
    "extraOptions": [
      "other",
      "none",
    ],
    "fields": [],
    "groups": [
      [
        "meds",
        "iodine",
        "foods",
        "latex",
      ],
      [
        "fragrance",
        "essential_oils",
        "ahas_bhas",
        "retinoids",
        "sulfates",
        "lanolin",
        "sunscreen",
        "cosmetics",
      ],
    ],
    "id": "allergies",
    "max": undefined,
    "min": undefined,
    "options": [],
    "type": "multi",
  },
  {
    "extraOptions": [],
    "fields": [
      {
        "key": "pregnant",
        "options": [
          "yes",
          "no",
        ],
      },
      {
        "key": "breastfeeding",
        "options": [
          "yes",
          "no",
        ],
      },
      {
        "key": "trying_to_conceive",
        "options": [
          "yes",
          "no",
        ],
      },
      {
        "key": "regular_cycle",
        "options": [
          "yes",
          "no",
          "not_sure",
        ],
      },
      {
        "key": "menopause",
        "options": [
          "yes",
          "no",
        ],
      },
      {
        "key": "hormonal_birth_control",
        "options": [
          "yes",
          "no",
        ],
      },
      {
        "key": "hormone_therapy",
        "options": [
          "yes",
          "no",
        ],
      },
    ],
    "groups": [],
    "id": "hormones",
    "max": undefined,
    "min": undefined,
    "options": [],
    "type": "hormones",
  },
  {
    "extraOptions": [],
    "fields": [],
    "groups": [],
    "id": "chapter_4",
    "max": undefined,
    "min": undefined,
    "options": [],
    "type": "interstitial",
  },
  {
    "extraOptions": [],
    "fields": [],
    "groups": [],
    "id": "sleep",
    "max": undefined,
    "min": undefined,
    "options": [
      "less_5",
      "5_6",
      "6_7",
      "7_8",
      "more_8",
    ],
    "type": "single",
  },
  {
    "extraOptions": [],
    "fields": [],
    "groups": [],
    "id": "stress",
    "max": 10,
    "min": 1,
    "options": [],
    "type": "slider",
  },
  {
    "extraOptions": [],
    "fields": [],
    "groups": [],
    "id": "water_intake",
    "max": undefined,
    "min": undefined,
    "options": [
      "less_1l",
      "1_1_5l",
      "1_5_2l",
      "more_2l",
      "not_sure",
    ],
    "type": "single",
  },
  {
    "extraOptions": [],
    "fields": [],
    "groups": [],
    "id": "alcohol",
    "max": undefined,
    "min": undefined,
    "options": [
      "never",
      "few_year",
      "1_3_month",
      "1_2_week",
      "3_5_week",
      "daily",
    ],
    "type": "single",
  },
  {
    "extraOptions": [],
    "fields": [],
    "groups": [],
    "id": "smoke",
    "max": undefined,
    "min": undefined,
    "options": [
      "never",
      "occasionally",
      "daily",
    ],
    "type": "single",
  },
  {
    "extraOptions": [],
    "fields": [],
    "groups": [],
    "id": "exercise",
    "max": undefined,
    "min": undefined,
    "options": [
      "never",
      "1_2_week",
      "3_5_week",
      "daily",
    ],
    "type": "single",
  },
  {
    "extraOptions": [],
    "fields": [],
    "groups": [],
    "id": "chapter_5",
    "max": undefined,
    "min": undefined,
    "options": [],
    "type": "interstitial",
  },
  {
    "extraOptions": [],
    "fields": [],
    "groups": [],
    "id": "routine_products",
    "max": undefined,
    "min": undefined,
    "options": [
      "cleanser",
      "toner",
      "serum",
      "moisturizer",
      "eye_cream",
      "sunscreen",
      "retinol",
      "exfoliant",
      "face_oil",
      "mask",
      "none",
    ],
    "type": "multi",
  },
  {
    "extraOptions": [],
    "fields": [],
    "groups": [],
    "id": "event",
    "max": undefined,
    "min": undefined,
    "options": [
      "trip",
      "wedding",
      "beach",
      "family",
      "party",
      "no_event",
    ],
    "type": "event",
  },
  {
    "extraOptions": [],
    "fields": [],
    "groups": [],
    "id": "event_date",
    "max": undefined,
    "min": undefined,
    "options": [],
    "type": "event_date",
  },
  {
    "extraOptions": [],
    "fields": [],
    "groups": [],
    "id": "photos",
    "max": undefined,
    "min": undefined,
    "options": [],
    "type": "photos",
  },
  {
    "extraOptions": [],
    "fields": [],
    "groups": [],
    "id": "shelf",
    "max": undefined,
    "min": undefined,
    "options": [],
    "type": "shelf",
  },
  {
    "extraOptions": [],
    "fields": [],
    "groups": [],
    "id": "completion",
    "max": undefined,
    "min": undefined,
    "options": [],
    "type": "completion",
  },
]
`;

exports[`skin tone values are unchanged 1`] = `
[
  "I",
  "II",
  "III",
  "IV",
  "V",
  "VI",
]
`;
